Microchip MPLAB XC8 Compiler V2.40

Linker command line:

-W-3 \
  --edf=C:\Program Files\Microchip\xc8\v2.40\pic\dat\20220703182018_en.msgs \
  -cn -h+dist/default/production\LabD2_1.X.production.sym \
  --cmf=dist/default/production\LabD2_1.X.production.cmf -z -Q16F887 \
  -oC:\Users\schwe\AppData\Local\Temp\xcAs4a8.4 --defsym=__MPLAB_BUILD=1 \
  --fixupoverflow=error -Mdist/default/production/LabD2_1.X.production.map \
  --md=C:\Users\schwe\AppData\Local\Temp\xcAs4a8.dat -E1 -ver=XC8 Compiler \
  --acfsm=1493 -ACODE=00h-07FFhx4 -ASTRCODE=00h-01FFFh -ASTRING=00h-0FFhx32 \
  -ACONST=00h-0FFhx32 -AENTRY=00h-0FFhx32 -ACOMMON=070h-07Fh \
  -ABANK0=020h-06Fh -ABANK1=0A0h-0EFh -ABANK2=0110h-016Fh \
  -ABANK3=0190h-01EFh -ARAM=020h-06Fh,0A0h-0EFh,0110h-016Fh,0190h-01EFh \
  -AABS1=020h-07Fh,0A0h-0EFh,0110h-016Fh,0190h-01EFh -ASFR0=00h-01Fh \
  -ASFR1=080h-09Fh -ASFR2=0100h-010Fh -ASFR3=0180h-018Fh \
  -ACONFIG=02007h-02008h -DCONFIG=2 -AIDLOC=02000h-02003h -DIDLOC=2 \
  -AEEDATA=00h-0FFh/02100h -peeprom_data=EEDATA -DEEDATA=2 -DCODE=2 \
  -DSTRCODE=2 -DSTRING=2 -DCONST=2 -DENTRY=2 \
  -preset_vec=00h,intentry=04h,init,end_init -ppowerup=CODE -pcinit=CODE \
  -pfunctab=ENTRY -k C:\Users\schwe\AppData\Local\Temp\xcAs4a8.o \
  dist/default/production\LabD2_1.X.production.o 

Object code version is 3.11

Machine type is 16F887



                Name                               Link     Load   Length Selector   Space Scale
C:\Users\schwe\AppData\Local\Temp\xcAs4a8.o
                end_init                              E        E        3        8       0
                reset_vec                             0        0        3        0       0
                config                             2007     2007        2        0       4
                idloc                              2000     2000        4        0       5
dist/default/production\LabD2_1.X.production.o
                cinit                                11       11        D        8       0
                intentry                              4        4        A        8       0
                config                             2007     2007        2        0       4
                idloc                              2000     2000        4        0       5
                text7                               216      216       67        8       0
                text6                                F4       F4       AD        8       0
                text5                               370      370        A        8       0
                text4                               1A1      1A1       75        8       0
                text3                                1E       1E       D6        8       0
                text2                               2D7      2D7       57        8       0
                text1                               32E      32E       42        8       0
                maintext                            27D      27D       5A        8       0
                cstackBANK0                          30       30        5       20       1
                cstackCOMMON                         70       70        E       70       1
                clrtext                             37A      37A        8        8       0
                bssBANK0                             20       20       10       20       1

TOTAL           Name                               Link     Load   Length     Space
        CLASS   CODE           
                end_init                              E        E        3         0
                cinit                                11       11        D         0
                intentry                              4        4        A         0
                reset_vec                             0        0        3         0
                text7                               216      216       67         0
                text6                                F4       F4       AD         0
                text5                               370      370        A         0
                text4                               1A1      1A1       75         0
                text3                                1E       1E       D6         0
                text2                               2D7      2D7       57         0
                text1                               32E      32E       42         0
                maintext                            27D      27D       5A         0
                clrtext                             37A      37A        8         0

        CLASS   STRCODE        

        CLASS   STRING         

        CLASS   CONST          

        CLASS   ENTRY          

        CLASS   COMMON         
                cstackCOMMON                         70       70        E         1

        CLASS   BANK0          
                cstackBANK0                          30       30        5         1
                bssBANK0                             20       20       10         1

        CLASS   BANK1          

        CLASS   BANK2          

        CLASS   BANK3          

        CLASS   RAM            

        CLASS   ABS1           
                abs_s1                               7E       7E        2         1

        CLASS   SFR0           

        CLASS   SFR1           

        CLASS   SFR2           

        CLASS   SFR3           

        CLASS   CONFIG         
                config                             2007     2007        2         4

        CLASS   IDLOC          
                idloc                              2000     2000        4         5

        CLASS   EEDATA         

        CLASS   STACK          



SEGMENTS        Name                           Load    Length   Top    Selector   Space  Class     Delta

                reset_vec                      000000  000003  000003         0       0  CODE        2
                intentry                       000004  00037E  000382         8       0  CODE        2
                bssBANK0                       000020  000015  000035        20       1  BANK0       1
                cstackCOMMON                   000070  00000E  00007E        70       1  COMMON      1


UNUSED ADDRESS RANGES

        Name                Unused          Largest block    Delta
        BANK0            0035-006F             3B           1
        BANK1            00A0-00EF             50           1
        BANK2            0110-016F             60           1
        BANK3            0190-01EF             60           1
        CODE             0003-0003              1           2
                         0382-1FFF            800
        CONST            0003-0003              1           2
                         0382-1FFF            100
        EEDATA           2100-21FF            100           2
        ENTRY            0003-0003              1           2
                         0382-1FFF            100
        RAM              0035-006F             3B           1
                         00A0-00EF             50
                         0110-016F             60
                         0190-01EF             60
        SFR0             0000-001F             20           1
        SFR1             0080-009F             20           1
        SFR2             0100-010F             10           1
        SFR3             0180-018F             10           1
        STRCODE          0003-0003              1           2
                         0382-1FFF           1C7E
        STRING           0003-0003              1           2
                         0382-1FFF            100

                                  Symbol Table

?___awdiv                cstackCOMMON 0070
?_numero                 cstackCOMMON 0079
?_read_ADC               cstackCOMMON 0070
_ADC                     bssBANK0     002A
_ADCON0                  (abs)        001F
_ADCON0bits              (abs)        001F
_ADCON1                  (abs)        009F
_ADRESH                  (abs)        001E
_ANSEL                   (abs)        0188
_ANSELH                  (abs)        0189
_ANSELHbits              (abs)        0189
_ANSELbits               (abs)        0188
_F1                      bssBANK0     0028
_F2                      bssBANK0     0026
_INTCON                  (abs)        000B
_INTCONbits              (abs)        000B
_IOCBbits                (abs)        0096
_OPTION_REG              (abs)        0081
_OSCCON                  (abs)        008F
_PIE1                    (abs)        008C
_PIR1bits                (abs)        000C
_PORTA                   (abs)        0005
_PORTB                   (abs)        0006
_PORTBbits               (abs)        0006
_PORTC                   (abs)        0007
_PORTD                   (abs)        0008
_PORTDbits               (abs)        0008
_PORTE                   (abs)        0009
_R                       bssBANK0     0022
_TMR0                    (abs)        0001
_TRISAbits               (abs)        0085
_TRISB                   (abs)        0086
_TRISBbits               (abs)        0086
_TRISC                   (abs)        0087
_TRISD                   (abs)        0088
_TRISEbits               (abs)        0089
_WPUBbits                (abs)        0095
__Habs1                  abs1         0000
__Hbank0                 bank0        0000
__Hbank1                 bank1        0000
__Hbank2                 bank2        0000
__Hbank3                 bank3        0000
__HbssBANK0              bssBANK0     0000
__Hcinit                 cinit        001E
__Hclrtext               clrtext      0000
__Hcode                  code         0000
__Hcommon                common       0000
__Hconfig                config       2009
__HcstackBANK0           cstackBANK0  0000
__HcstackCOMMON          cstackCOMMON 0000
__Heeprom_data           eeprom_data  0000
__Hend_init              end_init     0011
__Hfunctab               functab      0000
__Hidloc                 idloc        2004
__Hinit                  init         000E
__Hintentry              intentry     000E
__Hmaintext              maintext     0000
__Hpowerup               powerup      0000
__Hram                   ram          0000
__Hreset_vec             reset_vec    0003
__Hsfr0                  sfr0         0000
__Hsfr1                  sfr1         0000
__Hsfr2                  sfr2         0000
__Hsfr3                  sfr3         0000
__Hspace_0               (abs)        0382
__Hspace_1               (abs)        007E
__Hspace_2               (abs)        0000
__Hspace_3               (abs)        0000
__Hspace_4               (abs)        4010
__Hstack                 stack        0000
__Hstrings               strings      0000
__Htext                  text         0000
__Labs1                  abs1         0000
__Lbank0                 bank0        0000
__Lbank1                 bank1        0000
__Lbank2                 bank2        0000
__Lbank3                 bank3        0000
__LbssBANK0              bssBANK0     0000
__Lcinit                 cinit        0011
__Lclrtext               clrtext      0000
__Lcode                  code         0000
__Lcommon                common       0000
__Lconfig                config       0000
__LcstackBANK0           cstackBANK0  0000
__LcstackCOMMON          cstackCOMMON 0000
__Leeprom_data           eeprom_data  0000
__Lend_init              end_init     000E
__Lfunctab               functab      0000
__Lidloc                 idloc        0000
__Linit                  init         000E
__Lintentry              intentry     0004
__Lmaintext              maintext     0000
__Lpowerup               powerup      0000
__Lram                   ram          0000
__Lreset_vec             reset_vec    0000
__Lsfr0                  sfr0         0000
__Lsfr1                  sfr1         0000
__Lsfr2                  sfr2         0000
__Lsfr3                  sfr3         0000
__Lspace_0               (abs)        0000
__Lspace_1               (abs)        0000
__Lspace_2               (abs)        0000
__Lspace_3               (abs)        0000
__Lspace_4               (abs)        0000
__Lstack                 stack        0000
__Lstrings               strings      0000
__Ltext                  text         0000
__S0                     (abs)        0382
__S1                     (abs)        007E
__S3                     (abs)        0000
___awdiv                 text7        0216
___awdiv@counter         cstackCOMMON 0075
___awdiv@dividend        cstackCOMMON 0072
___awdiv@divisor         cstackCOMMON 0070
___awdiv@quotient        cstackCOMMON 0077
___awdiv@sign            cstackCOMMON 0076
___int_sp                stack        0000
___latbits               (abs)        0002
___sp                    stack        0000
___stackhi               (abs)        0000
___stacklo               (abs)        0000
__end_of___awdiv         text7        027D
__end_of__initialization cinit        001A
__end_of_isr             text4        0216
__end_of_main            maintext     02D7
__end_of_numero          text6        01A1
__end_of_read_ADC        text5        037A
__end_of_setup           text1        0370
__end_of_setup_ADC       text3        00F4
__end_of_setup_PORTB     text2        032E
__initialization         cinit        0011
__pbssBANK0              bssBANK0     0020
__pcstackBANK0           cstackBANK0  0030
__pcstackCOMMON          cstackCOMMON 0070
__pintentry              intentry     0004
__pmaintext              maintext     027D
__ptext1                 text1        032E
__ptext2                 text2        02D7
__ptext3                 text3        001E
__ptext4                 text4        01A1
__ptext5                 text5        0370
__ptext6                 text6        00F4
__ptext7                 text7        0216
_contador                bssBANK0     0024
_isr                     text4        01A1
_main                    maintext     027D
_numero                  text6        00F4
_output                  bssBANK0     0020
_read_ADC                text5        0370
_rebote1                 bssBANK0     002E
_rebote2                 bssBANK0     002C
_setup                   text1        032E
_setup_ADC               text3        001E
_setup_PORTB             text2        02D7
btemp                    (abs)        007E
clear_ram0               clrtext      037A
end_of_initialization    cinit        001A
interrupt_function       intentry     0004
intlevel0                functab      0000
intlevel1                functab      0000
intlevel2                functab      0000
intlevel3                functab      0000
intlevel4                functab      0000
intlevel5                functab      0000
numero@unidad            cstackCOMMON 0079
reset_vec                reset_vec    0000
saved_w                  (abs)        007E
setup_ADC@channel        cstackBANK0  0030
setup_PORTB@pin          cstackBANK0  0032
start                    init         000E
start_initialization     cinit        0011
wtemp0                   (abs)        007E


MODULE INFORMATION

Module		Function		Class		Link	Load	Size
C:\Program Files\Microchip\xc8\v2.40\pic\sources\c90\common\awdiv.c
		___awdiv       		CODE           	0216	0000	103

C:\Program Files\Microchip\xc8\v2.40\pic\sources\c90\common\awdiv.c estimated size: 103

Principal.c
		_main          		CODE           	027D	0000	90
		_isr           		CODE           	01A1	0000	117
		_setup         		CODE           	032E	0000	66

Principal.c estimated size: 273

PORTB_int.c
		_setup_PORTB   		CODE           	02D7	0000	87

PORTB_int.c estimated size: 87

shared
		__initialization		CODE           	0011	0000	9

shared estimated size: 9

Display.c
		_numero        		CODE           	00F4	0000	173

Display.c estimated size: 173

ADC_int.c
		_setup_ADC     		CODE           	001E	0000	214
		_read_ADC      		CODE           	0370	0000	10

ADC_int.c estimated size: 224

